Archive member included to satisfy reference by file (symbol)

C:/ST/STM32CubeIDE_1.14.0/STM32CubeIDE/plugins/com.st.stm32cube.ide.mcu.externaltools.gnu-tools-for-stm32.11.3.rel1.win32_1.1.100.202309141235/tools/bin/../lib/gcc/arm-none-eabi/11.3.1/../../../../arm-none-eabi/lib/thumb/v7e-m/nofp\libc_nano.a(libc_a-exit.o)
                              C:/ST/STM32CubeIDE_1.14.0/STM32CubeIDE/plugins/com.st.stm32cube.ide.mcu.externaltools.gnu-tools-for-stm32.11.3.rel1.win32_1.1.100.202309141235/tools/bin/../lib/gcc/arm-none-eabi/11.3.1/../../../../arm-none-eabi/lib/thumb/v7e-m/nofp/crt0.o (exit)
C:/ST/STM32CubeIDE_1.14.0/STM32CubeIDE/plugins/com.st.stm32cube.ide.mcu.externaltools.gnu-tools-for-stm32.11.3.rel1.win32_1.1.100.202309141235/tools/bin/../lib/gcc/arm-none-eabi/11.3.1/../../../../arm-none-eabi/lib/thumb/v7e-m/nofp\libc_nano.a(libc_a-findfp.o)
                              C:/ST/STM32CubeIDE_1.14.0/STM32CubeIDE/plugins/com.st.stm32cube.ide.mcu.externaltools.gnu-tools-for-stm32.11.3.rel1.win32_1.1.100.202309141235/tools/bin/../lib/gcc/arm-none-eabi/11.3.1/../../../../arm-none-eabi/lib/thumb/v7e-m/nofp\libc_nano.a(libc_a-exit.o) (__stdio_exit_handler)
C:/ST/STM32CubeIDE_1.14.0/STM32CubeIDE/plugins/com.st.stm32cube.ide.mcu.externaltools.gnu-tools-for-stm32.11.3.rel1.win32_1.1.100.202309141235/tools/bin/../lib/gcc/arm-none-eabi/11.3.1/../../../../arm-none-eabi/lib/thumb/v7e-m/nofp\libc_nano.a(libc_a-fwalk.o)
                              C:/ST/STM32CubeIDE_1.14.0/STM32CubeIDE/plugins/com.st.stm32cube.ide.mcu.externaltools.gnu-tools-for-stm32.11.3.rel1.win32_1.1.100.202309141235/tools/bin/../lib/gcc/arm-none-eabi/11.3.1/../../../../arm-none-eabi/lib/thumb/v7e-m/nofp\libc_nano.a(libc_a-findfp.o) (_fwalk_sglue)
C:/ST/STM32CubeIDE_1.14.0/STM32CubeIDE/plugins/com.st.stm32cube.ide.mcu.externaltools.gnu-tools-for-stm32.11.3.rel1.win32_1.1.100.202309141235/tools/bin/../lib/gcc/arm-none-eabi/11.3.1/../../../../arm-none-eabi/lib/thumb/v7e-m/nofp\libc_nano.a(libc_a-stdio.o)
                              C:/ST/STM32CubeIDE_1.14.0/STM32CubeIDE/plugins/com.st.stm32cube.ide.mcu.externaltools.gnu-tools-for-stm32.11.3.rel1.win32_1.1.100.202309141235/tools/bin/../lib/gcc/arm-none-eabi/11.3.1/../../../../arm-none-eabi/lib/thumb/v7e-m/nofp\libc_nano.a(libc_a-findfp.o) (__sread)
C:/ST/STM32CubeIDE_1.14.0/STM32CubeIDE/plugins/com.st.stm32cube.ide.mcu.externaltools.gnu-tools-for-stm32.11.3.rel1.win32_1.1.100.202309141235/tools/bin/../lib/gcc/arm-none-eabi/11.3.1/../../../../arm-none-eabi/lib/thumb/v7e-m/nofp\libc_nano.a(libc_a-memset.o)
                              C:/ST/STM32CubeIDE_1.14.0/STM32CubeIDE/plugins/com.st.stm32cube.ide.mcu.externaltools.gnu-tools-for-stm32.11.3.rel1.win32_1.1.100.202309141235/tools/bin/../lib/gcc/arm-none-eabi/11.3.1/../../../../arm-none-eabi/lib/thumb/v7e-m/nofp/crt0.o (memset)
C:/ST/STM32CubeIDE_1.14.0/STM32CubeIDE/plugins/com.st.stm32cube.ide.mcu.externaltools.gnu-tools-for-stm32.11.3.rel1.win32_1.1.100.202309141235/tools/bin/../lib/gcc/arm-none-eabi/11.3.1/../../../../arm-none-eabi/lib/thumb/v7e-m/nofp\libc_nano.a(libc_a-closer.o)
                              C:/ST/STM32CubeIDE_1.14.0/STM32CubeIDE/plugins/com.st.stm32cube.ide.mcu.externaltools.gnu-tools-for-stm32.11.3.rel1.win32_1.1.100.202309141235/tools/bin/../lib/gcc/arm-none-eabi/11.3.1/../../../../arm-none-eabi/lib/thumb/v7e-m/nofp\libc_nano.a(libc_a-stdio.o) (_close_r)
C:/ST/STM32CubeIDE_1.14.0/STM32CubeIDE/plugins/com.st.stm32cube.ide.mcu.externaltools.gnu-tools-for-stm32.11.3.rel1.win32_1.1.100.202309141235/tools/bin/../lib/gcc/arm-none-eabi/11.3.1/../../../../arm-none-eabi/lib/thumb/v7e-m/nofp\libc_nano.a(libc_a-reent.o)
                              C:/ST/STM32CubeIDE_1.14.0/STM32CubeIDE/plugins/com.st.stm32cube.ide.mcu.externaltools.gnu-tools-for-stm32.11.3.rel1.win32_1.1.100.202309141235/tools/bin/../lib/gcc/arm-none-eabi/11.3.1/../../../../arm-none-eabi/lib/thumb/v7e-m/nofp\libc_nano.a(libc_a-closer.o) (errno)
C:/ST/STM32CubeIDE_1.14.0/STM32CubeIDE/plugins/com.st.stm32cube.ide.mcu.externaltools.gnu-tools-for-stm32.11.3.rel1.win32_1.1.100.202309141235/tools/bin/../lib/gcc/arm-none-eabi/11.3.1/../../../../arm-none-eabi/lib/thumb/v7e-m/nofp\libc_nano.a(libc_a-impure.o)
                              C:/ST/STM32CubeIDE_1.14.0/STM32CubeIDE/plugins/com.st.stm32cube.ide.mcu.externaltools.gnu-tools-for-stm32.11.3.rel1.win32_1.1.100.202309141235/tools/bin/../lib/gcc/arm-none-eabi/11.3.1/../../../../arm-none-eabi/lib/thumb/v7e-m/nofp\libc_nano.a(libc_a-reent.o) (_impure_ptr)
C:/ST/STM32CubeIDE_1.14.0/STM32CubeIDE/plugins/com.st.stm32cube.ide.mcu.externaltools.gnu-tools-for-stm32.11.3.rel1.win32_1.1.100.202309141235/tools/bin/../lib/gcc/arm-none-eabi/11.3.1/../../../../arm-none-eabi/lib/thumb/v7e-m/nofp\libc_nano.a(libc_a-lseekr.o)
[...]
Memory Configuration

Name             Origin             Length             Attributes
RAM              0x0000000020000000 0x0000000000010000 xrw
FLASH            0x0000000008000000 0x0000000000040000 xr
*default*        0x0000000000000000 0xffffffffffffffff

Linker script and memory map

LOAD C:/ST/STM32CubeIDE_1.14.0/STM32CubeIDE/plugins/com.st.stm32cube.ide.mcu.externaltools.gnu-tools-for-stm32.11.3.rel1.win32_1.1.100.202309141235/tools/bin/../lib/gcc/arm-none-eabi/11.3.1/thumb/v7e-m/nofp/crti.o
LOAD C:/ST/STM32CubeIDE_1.14.0/STM32CubeIDE/plugins/com.st.stm32cube.ide.mcu.externaltools.gnu-tools-for-stm32.11.3.rel1.win32_1.1.100.202309141235/tools/bin/../lib/gcc/arm-none-eabi/11.3.1/thumb/v7e-m/nofp/crtbegin.o
LOAD C:/ST/STM32CubeIDE_1.14.0/STM32CubeIDE/plugins/com.st.stm32cube.ide.mcu.externaltools.gnu-tools-for-stm32.11.3.rel1.win32_1.1.100.202309141235/tools/bin/../lib/gcc/arm-none-eabi/11.3.1/../../../../arm-none-eabi/lib/thumb/v7e-m/nofp/crt0.o
LOAD ./Src/BootLoader/BootLoader.o
LOAD ./Src/Core_Peripheral/NVIC/NVIC.o
LOAD ./Src/Core_Peripheral/SCB/SCB.o
LOAD ./Src/Core_Peripheral/SystTick/SystTick.o
LOAD ./Src/HAL/Keypad/keypad.o
LOAD ./Src/HAL/LCD/lcd.o
LOAD ./Src/HAL/LED/led.o
LOAD ./Src/MCAL/CRC/CRC.o
LOAD ./Src/MCAL/EXTI/EXTI.o
LOAD ./Src/MCAL/FLASH/Flash.o
LOAD ./Src/MCAL/GPIO/GPIO.o
LOAD ./Src/MCAL/I2C/i2c.o
LOAD ./Src/MCAL/RCC/RCC.o
LOAD ./Src/MCAL/SPI/SPI.o
LOAD ./Src/MCAL/SYSCFG/syscfg.o
LOAD ./Src/MCAL/USART/USART.o
LOAD ./Src/main.o
LOAD ./Src/syscalls.o
LOAD ./Src/sysmem.o
LOAD ./Startup/startup_stm32f401rctx.o
START GROUP
LOAD C:/ST/STM32CubeIDE_1.14.0/STM32CubeIDE/plugins/com.st.stm32cube.ide.mcu.externaltools.gnu-tools-for-stm32.11.3.rel1.win32_1.1.100.202309141235/tools/bin/../lib/gcc/arm-none-eabi/11.3.1/../../../../arm-none-eabi/lib/thumb/v7e-m/nofp\libc_nano.a
LOAD C:/ST/STM32CubeIDE_1.14.0/STM32CubeIDE/plugins/com.st.stm32cube.ide.mcu.externaltools.gnu-tools-for-stm32.11.3.rel1.win32_1.1.100.202309141235/tools/bin/../lib/gcc/arm-none-eabi/11.3.1/../../../../arm-none-eabi/lib/thumb/v7e-m/nofp\libm.a
END GROUP
START GROUP
LOAD C:/ST/STM32CubeIDE_1.14.0/STM32CubeIDE/plugins/com.st.stm32cube.ide.mcu.externaltools.gnu-tools-for-stm32.11.3.rel1.win32_1.1.100.202309141235/tools/bin/../lib/gcc/arm-none-eabi/11.3.1/thumb/v7e-m/nofp\libgcc.a
LOAD C:/ST/STM32CubeIDE_1.14.0/STM32CubeIDE/plugins/com.st.stm32cube.ide.mcu.externaltools.gnu-tools-for-stm32.11.3.rel1.win32_1.1.100.202309141235/tools/bin/../lib/gcc/arm-none-eabi/11.3.1/../../../../arm-none-eabi/lib/thumb/v7e-m/nofp\libc_nano.a
END GROUP
START GROUP
LOAD C:/ST/STM32CubeIDE_1.14.0/STM32CubeIDE/plugins/com.st.stm32cube.ide.mcu.externaltools.gnu-tools-for-stm32.11.3.rel1.win32_1.1.100.202309141235/tools/bin/../lib/gcc/arm-none-eabi/11.3.1/thumb/v7e-m/nofp\libgcc.a
LOAD C:/ST/STM32CubeIDE_1.14.0/STM32CubeIDE/plugins/com.st.stm32cube.ide.mcu.externaltools.gnu-tools-for-stm32.11.3.rel1.win32_1.1.100.202309141235/tools/bin/../lib/gcc/arm-none-eabi/11.3.1/../../../../arm-none-eabi/lib/thumb/v7e-m/nofp\libc_nano.a
LOAD C:/ST/STM32CubeIDE_1.14.0/STM32CubeIDE/plugins/com.st.stm32cube.ide.mcu.externaltools.gnu-tools-for-stm32.11.3.rel1.win32_1.1.100.202309141235/tools/bin/../lib/gcc/arm-none-eabi/11.3.1/../../../../arm-none-eabi/lib/thumb/v7e-m/nofp\libnosys.a
END GROUP
START GROUP
LOAD C:/ST/STM32CubeIDE_1.14.0/STM32CubeIDE/plugins/com.st.stm32cube.ide.mcu.externaltools.gnu-tools-for-stm32.11.3.rel1.win32_1.1.100.202309141235/tools/bin/../lib/gcc/arm-none-eabi/11.3.1/thumb/v7e-m/nofp\libgcc.a
LOAD C:/ST/STM32CubeIDE_1.14.0/STM32CubeIDE/plugins/com.st.stm32cube.ide.mcu.externaltools.gnu-tools-for-stm32.11.3.rel1.win32_1.1.100.202309141235/tools/bin/../lib/gcc/arm-none-eabi/11.3.1/../../../../arm-none-eabi/lib/thumb/v7e-m/nofp\libc_nano.a
LOAD C:/ST/STM32CubeIDE_1.14.0/STM32CubeIDE/plugins/com.st.stm32cube.ide.mcu.externaltools.gnu-tools-for-stm32.11.3.rel1.win32_1.1.100.202309141235/tools/bin/../lib/gcc/arm-none-eabi/11.3.1/../../../../arm-none-eabi/lib/thumb/v7e-m/nofp\libnosys.a
END GROUP
LOAD C:/ST/STM32CubeIDE_1.14.0/STM32CubeIDE/plugins/com.st.stm32cube.ide.mcu.externaltools.gnu-tools-for-stm32.11.3.rel1.win32_1.1.100.202309141235/tools/bin/../lib/gcc/arm-none-eabi/11.3.1/thumb/v7e-m/nofp/crtend.o
LOAD C:/ST/STM32CubeIDE_1.14.0/STM32CubeIDE/plugins/com.st.stm32cube.ide.mcu.externaltools.gnu-tools-for-stm32.11.3.rel1.win32_1.1.100.202309141235/tools/bin/../lib/gcc/arm-none-eabi/11.3.1/thumb/v7e-m/nofp/crtn.o
                0x0000000020010000                _estack = (ORIGIN (RAM) + LENGTH (RAM))
                0x0000000000000200                _Min_Heap_Size = 0x200
                0x0000000000000400                _Min_Stack_Size = 0x400

.isr_vector     0x0000000008000000      0x194
                0x0000000008000000                . = ALIGN (0x4)
 *(.isr_vector)
 .isr_vector    0x0000000008000000      0x194 ./Startup/startup_stm32f401rctx.o
                0x0000000008000000                g_pfnVectors
                0x0000000008000194                . = ALIGN (0x4)

.text           0x0000000008000194     0x1e34
                0x0000000008000194                . = ALIGN (0x4)
 *(.text)
 .text          0x0000000008000194       0x40 C:/ST/STM32CubeIDE_1.14.0/STM32CubeIDE/plugins/com.st.stm32cube.ide.mcu.externaltools.gnu-tools-for-stm32.11.3.rel1.win32_1.1.100.202309141235/tools/bin/../lib/gcc/arm-none-eabi/11.3.1/thumb/v7e-m/nofp/crtbegin.o
 *(.text*)
 .text.u8VerifyCRC
                0x00000000080001d4       0x5a ./Src/BootLoader/BootLoader.o
 *fill*         0x000000000800022e        0x2 
 .text.voidSendAck
                0x0000000008000230       0x34 ./Src/BootLoader/BootLoader.o
 .text.voidSendNAck
                0x0000000008000264       0x20 ./Src/BootLoader/BootLoader.o
 .text.u8ValidateAddress
                0x0000000008000284       0x4c ./Src/BootLoader/BootLoader.o
 .text.u8ExecuteFlashErase
                0x00000000080002d0       0x7e ./Src/BootLoader/BootLoader.o
 *fill*         0x000000000800034e        0x2 
 .text.u8ExecuteMemWrite
                0x0000000008000350       0x8c ./Src/BootLoader/BootLoader.o
 .text.u8ExecuteEnableRWProtection
                0x00000000080003dc       0x56 ./Src/BootLoader/BootLoader.o
 *fill*         0x0000000008000432        0x2 
 .text.BL_voidHandleGetVerCmd
                0x0000000008000434       0x5c ./Src/BootLoader/BootLoader.o
                0x0000000008000434                BL_voidHandleGetVerCmd
 .text.BL_voidHandleGetHelpCmd
                0x0000000008000490       0x84 ./Src/BootLoader/BootLoader.o
                0x0000000008000490                BL_voidHandleGetHelpCmd
 .text.BL_voidHandleGetCIDCmd
                0x0000000008000514       0x7c ./Src/BootLoader/BootLoader.o
                0x0000000008000514                BL_voidHandleGetCIDCmd
 .text.BL_voidHandleGetRDPStatusCmd
                0x0000000008000590       0x64 ./Src/BootLoader/BootLoader.o
                0x0000000008000590                BL_voidHandleGetRDPStatusCmd
 .text.BL_voidHandleGoToAddressCmd
                0x00000000080005f4       0x88 ./Src/BootLoader/BootLoader.o
                0x00000000080005f4                BL_voidHandleGoToAddressCmd
 .text.BL_voidHandleFlashEraseCmd
                0x000000000800067c       0x70 ./Src/BootLoader/BootLoader.o
                0x000000000800067c                BL_voidHandleFlashEraseCmd
 .text.BL_voidHandleMemWriteCmd
                0x00000000080006ec       0x90 ./Src/BootLoader/BootLoader.o
                0x00000000080006ec                BL_voidHandleMemWriteCmd
 .text.BL_voidHandleEnableRWCmd
                0x000000000800077c       0x78 ./Src/BootLoader/BootLoader.o
                0x000000000800077c                BL_voidHandleEnableRWCmd
 .text.BL_voidHandleMemReadCmd
                0x00000000080007f4       0x88 ./Src/BootLoader/BootLoader.o
                0x00000000080007f4                BL_voidHandleMemReadCmd
 .text.BL_voidHandleReadSectorStatusCmd
                0x000000000800087c       0x64 ./Src/BootLoader/BootLoader.o
                0x000000000800087c                BL_voidHandleReadSectorStatusCmd
 .text.BL_voidHandleOTPReadCmd
                0x00000000080008e0       0x4a ./Src/BootLoader/BootLoader.o
                0x00000000080008e0                BL_voidHandleOTPReadCmd
 .text.BL_voidHandleDisableWRProtectCmd
                0x000000000800092a       0x4e ./Src/BootLoader/BootLoader.o
                0x000000000800092a                BL_voidHandleDisableWRProtectCmd
 .text.nvic_enable
                0x0000000008000978       0x64 ./Src/Core_Peripheral/NVIC/NVIC.o
                0x0000000008000978                nvic_enable
 .text.Systick_init
                0x00000000080009dc       0x54 ./Src/Core_Peripheral/SystTick/SystTick.o
                0x00000000080009dc                Systick_init
 .text.CRC_Init
                0x0000000008000a30       0x1c ./Src/MCAL/CRC/CRC.o
                0x0000000008000a30                CRC_Init
 .text.CRC_Reset
                0x0000000008000a4c       0x1c ./Src/MCAL/CRC/CRC.o
                0x0000000008000a4c                CRC_Reset
 .text.CRC_Calculate
                0x0000000008000a68       0x44 ./Src/MCAL/CRC/CRC.o
                0x0000000008000a68                CRC_Calculate
 .text.EXTI_clear_pending_flag
                0x0000000008000aac       0x30 ./Src/MCAL/EXTI/EXTI.o
                0x0000000008000aac                EXTI_clear_pending_flag
 .text.EXTI_read_pending_flag
                0x0000000008000adc       0x3c ./Src/MCAL/EXTI/EXTI.o
                0x0000000008000adc                EXTI_read_pending_flag
 .text.EXTI0_IRQHandler
                0x0000000008000b18       0x38 ./Src/MCAL/EXTI/EXTI.o
                0x0000000008000b18                EXTI0_IRQHandler
 .text.EXTI1_IRQHandler
                0x0000000008000b50       0x38 ./Src/MCAL/EXTI/EXTI.o
                0x0000000008000b50                EXTI1_IRQHandler
 .text.EXTI2_IRQHandler
                0x0000000008000b88       0x38 ./Src/MCAL/EXTI/EXTI.o
                0x0000000008000b88                EXTI2_IRQHandler
 .text.EXTI3_IRQHandler
                0x0000000008000bc0       0x38 ./Src/MCAL/EXTI/EXTI.o
                0x0000000008000bc0                EXTI3_IRQHandler
 .text.EXTI4_IRQHandler
                0x0000000008000bf8       0x38 ./Src/MCAL/EXTI/EXTI.o
                0x0000000008000bf8                EXTI4_IRQHandler
 .text.EXTI9_5_IRQHandler
                0x0000000008000c30      0x134 ./Src/MCAL/EXTI/EXTI.o
                0x0000000008000c30                EXTI9_5_IRQHandler
 .text.EXTI15_10_IRQHandler
                0x0000000008000d64      0x16c ./Src/MCAL/EXTI/EXTI.o
                0x0000000008000d64                EXTI15_10_IRQHandler
 .text.EXTI16_PVD_IRQHandler
                0x0000000008000ed0       0x38 ./Src/MCAL/EXTI/EXTI.o
                0x0000000008000ed0                EXTI16_PVD_IRQHandler
 .text.EXTI17_RTC_Alarm_IRQHandler
                0x0000000008000f08       0x38 ./Src/MCAL/EXTI/EXTI.o
                0x0000000008000f08                EXTI17_RTC_Alarm_IRQHandler
 .text.EXTI18_OTG_FS_WKUP_IRQHandler
                0x0000000008000f40       0x38 ./Src/MCAL/EXTI/EXTI.o
                0x0000000008000f40                EXTI18_OTG_FS_WKUP_IRQHandler
 .text.EXTI22_RTC_WKUP_IRQHandler
                0x0000000008000f78       0x38 ./Src/MCAL/EXTI/EXTI.o
                0x0000000008000f78                EXTI22_RTC_WKUP_IRQHandler
 .text.Flash_Lock
                0x0000000008000fb0       0x28 ./Src/MCAL/FLASH/Flash.o
                0x0000000008000fb0                Flash_Lock
 .text.Flash_Unlock
                0x0000000008000fd8       0x30 ./Src/MCAL/FLASH/Flash.o
                0x0000000008000fd8                Flash_Unlock
 .text.Flash_Mass_Erase
                0x0000000008001008       0x50 ./Src/MCAL/FLASH/Flash.o
                0x0000000008001008                Flash_Mass_Erase
 .text.Flash_Sector_Erase
                0x0000000008001058       0x68 ./Src/MCAL/FLASH/Flash.o
                0x0000000008001058                Flash_Sector_Erase
 .text.Flash_Program
                0x00000000080010c0       0x58 ./Src/MCAL/FLASH/Flash.o
                0x00000000080010c0                Flash_Program
 .text.FLASH_OPT_Lock
                0x0000000008001118       0x20 ./Src/MCAL/FLASH/Flash.o
                0x0000000008001118                FLASH_OPT_Lock
 .text.FLASH_OPT_Unlock
                0x0000000008001138       0x28 ./Src/MCAL/FLASH/Flash.o
                0x0000000008001138                FLASH_OPT_Unlock
 .text.Flash_Enable_Sectors_Protections
                0x0000000008001160       0x84 ./Src/MCAL/FLASH/Flash.o
                0x0000000008001160                Flash_Enable_Sectors_Protections
 .text.Flash_Read_Sector_Status
                0x00000000080011e4       0x28 ./Src/MCAL/FLASH/Flash.o
                0x00000000080011e4                Flash_Read_Sector_Status
 .text.GPIO_Pin_init
                0x000000000800120c      0x23c ./Src/MCAL/GPIO/GPIO.o
                0x000000000800120c                GPIO_Pin_init
 .text.GPIO_Get_Pin_Value
                0x0000000008001448       0x80 ./Src/MCAL/GPIO/GPIO.o
                0x0000000008001448                GPIO_Get_Pin_Value
 .text.HALL_RCC_OscConfig
                0x00000000080014c8       0xc0 ./Src/MCAL/RCC/RCC.o
                0x00000000080014c8                HALL_RCC_OscConfig
 .text.HALL_RCC_ClockConfig
                0x0000000008001588       0x60 ./Src/MCAL/RCC/RCC.o
                0x0000000008001588                HALL_RCC_ClockConfig
 .text.USART_init
                0x00000000080015e8      0x1e0 ./Src/MCAL/USART/USART.o
                0x00000000080015e8                USART_init
 .text.USART_send_byte_blocking
                0x00000000080017c8       0x6c ./Src/MCAL/USART/USART.o
                0x00000000080017c8                USART_send_byte_blocking
 .text.USART_receive_byte_blocking
                0x0000000008001834       0x58 ./Src/MCAL/USART/USART.o
                0x0000000008001834                USART_receive_byte_blocking
 .text.usart_set_baud_rate
                0x000000000800188c       0xe0 ./Src/MCAL/USART/USART.o
 .text.USART_set_Tx_Rx_mode
                0x000000000800196c       0xc8 ./Src/MCAL/USART/USART.o
 .text.USART2_IRQHandler
                0x0000000008001a34       0xd0 ./Src/MCAL/USART/USART.o
                0x0000000008001a34                USART2_IRQHandler
 .text.USART1_IRQHandler
                0x0000000008001b04       0xd0 ./Src/MCAL/USART/USART.o
                0x0000000008001b04                USART1_IRQHandler
 .text.USART6_IRQHandler
                0x0000000008001bd4       0xd0 ./Src/MCAL/USART/USART.o
                0x0000000008001bd4                USART6_IRQHandler
 .text.main     0x0000000008001ca4       0x9c ./Src/main.o
                0x0000000008001ca4                main
 .text.BootLoader_UARTReadData
                0x0000000008001d40      0x130 ./Src/main.o
                0x0000000008001d40                BootLoader_UARTReadData
 .text.BootLoader_JumpToUserApp
                0x0000000008001e70       0x30 ./Src/main.o
                0x0000000008001e70                BootLoader_JumpToUserApp
 .text.SystemClock_Config
                0x0000000008001ea0       0x64 ./Src/main.o
                0x0000000008001ea0                SystemClock_Config
 .text.Reset_Handler
                0x0000000008001f04       0x50 ./Startup/startup_stm32f401rctx.o
                0x0000000008001f04                Reset_Handler
 .text.Default_Handler
                0x0000000008001f54        0x2 ./Startup/startup_stm32f401rctx.o
                0x0000000008001f54                DebugMon_Handler
                0x0000000008001f54                SPI4_IRQHandler
                0x0000000008001f54                TIM1_CC_IRQHandler
                0x0000000008001f54                DMA2_Stream5_IRQHandler
                0x0000000008001f54                HardFault_Handler
                0x0000000008001f54                DMA1_Stream5_IRQHandler
                0x0000000008001f54                SysTick_Handler
                0x0000000008001f54                SDIO_IRQHandler
                0x0000000008001f54                TAMP_STAMP_IRQHandler
                0x0000000008001f54                PendSV_Handler
                0x0000000008001f54                NMI_Handler
                0x0000000008001f54                TIM1_UP_TIM10_IRQHandler
                0x0000000008001f54                I2C3_ER_IRQHandler
                0x0000000008001f54                I2C2_EV_IRQHandler
                0x0000000008001f54                DMA1_Stream2_IRQHandler
                0x0000000008001f54                UsageFault_Handler
                0x0000000008001f54                DMA2_Stream2_IRQHandler
                0x0000000008001f54                SPI1_IRQHandler
                0x0000000008001f54                TIM1_BRK_TIM9_IRQHandler
                0x0000000008001f54                DMA2_Stream3_IRQHandler
                0x0000000008001f54                DMA2_Stream0_IRQHandler
                0x0000000008001f54                TIM4_IRQHandler
                0x0000000008001f54                I2C1_EV_IRQHandler
                0x0000000008001f54                DMA1_Stream6_IRQHandler
                0x0000000008001f54                DMA1_Stream1_IRQHandler
                0x0000000008001f54                TIM3_IRQHandler
                0x0000000008001f54                RCC_IRQHandler
                0x0000000008001f54                Default_Handler
                0x0000000008001f54                ADC_IRQHandler
                0x0000000008001f54                DMA1_Stream7_IRQHandler
                0x0000000008001f54                TIM5_IRQHandler
                0x0000000008001f54                DMA2_Stream7_IRQHandler
                0x0000000008001f54                I2C3_EV_IRQHandler
                0x0000000008001f54                SPI2_IRQHandler
                0x0000000008001f54                MemManage_Handler
                0x0000000008001f54                DMA1_Stream0_IRQHandler
                0x0000000008001f54                SVC_Handler
                0x0000000008001f54                TIM2_IRQHandler
                0x0000000008001f54                TIM1_TRG_COM_TIM11_IRQHandler
                0x0000000008001f54                I2C2_ER_IRQHandler
                0x0000000008001f54                DMA2_Stream1_IRQHandler
                0x0000000008001f54                FLASH_IRQHandler
                0x0000000008001f54                DMA2_Stream4_IRQHandler
                0x0000000008001f54                BusFault_Handler
                0x0000000008001f54                OTG_FS_IRQHandler
                0x0000000008001f54                SPI3_IRQHandler
                0x0000000008001f54                DMA1_Stream4_IRQHandler
                0x0000000008001f54                I2C1_ER_IRQHandler
                0x0000000008001f54                DMA2_Stream6_IRQHandler
                0x0000000008001f54                DMA1_Stream3_IRQHandler
 .text.memset   0x0000000008001f56       0x10 C:/ST/STM32CubeIDE_1.14.0/STM32CubeIDE/plugins/com.st.stm32cube.ide.mcu.externaltools.gnu-tools-for-stm32.11.3.rel1.win32_1.1.100.202309141235/tools/bin/../lib/gcc/arm-none-eabi/11.3.1/../../../../arm-none-eabi/lib/thumb/v7e-m/nofp\libc_nano.a(libc_a-memset.o)
                0x0000000008001f56                memset
 *fill*         0x0000000008001f66        0x2 
 .text.__libc_init_array
                0x0000000008001f68       0x48 C:/ST/STM32CubeIDE_1.14.0/STM32CubeIDE/plugins/com.st.stm32cube.ide.mcu.externaltools.gnu-tools-for-stm32.11.3.rel1.win32_1.1.100.202309141235/tools/bin/../lib/gcc/arm-none-eabi/11.3.1/../../../../arm-none-eabi/lib/thumb/v7e-m/nofp\libc_nano.a(libc_a-init.o)
                0x0000000008001f68                __libc_init_array
 *(.glue_7)
 .glue_7        0x0000000008001fb0        0x0 linker stubs
 *(.glue_7t)
 .glue_7t       0x0000000008001fb0        0x0 linker stubs
 *(.eh_frame)
 .eh_frame      0x0000000008001fb0        0x0 C:/ST/STM32CubeIDE_1.14.0/STM32CubeIDE/plugins/com.st.stm32cube.ide.mcu.externaltools.gnu-tools-for-stm32.11.3.rel1.win32_1.1.100.202309141235/tools/bin/../lib/gcc/arm-none-eabi/11.3.1/thumb/v7e-m/nofp/crtbegin.o
 *(.init)
 .init          0x0000000008001fb0        0x4 C:/ST/STM32CubeIDE_1.14.0/STM32CubeIDE/plugins/com.st.stm32cube.ide.mcu.externaltools.gnu-tools-for-stm32.11.3.rel1.win32_1.1.100.202309141235/tools/bin/../lib/gcc/arm-none-eabi/11.3.1/thumb/v7e-m/nofp/crti.o
                0x0000000008001fb0                _init
 .init          0x0000000008001fb4        0x8 C:/ST/STM32CubeIDE_1.14.0/STM32CubeIDE/plugins/com.st.stm32cube.ide.mcu.externaltools.gnu-tools-for-stm32.11.3.rel1.win32_1.1.100.202309141235/tools/bin/../lib/gcc/arm-none-eabi/11.3.1/thumb/v7e-m/nofp/crtn.o
 *(.fini)
 .fini          0x0000000008001fbc        0x4 C:/ST/STM32CubeIDE_1.14.0/STM32CubeIDE/plugins/com.st.stm32cube.ide.mcu.externaltools.gnu-tools-for-stm32.11.3.rel1.win32_1.1.100.202309141235/tools/bin/../lib/gcc/arm-none-eabi/11.3.1/thumb/v7e-m/nofp/crti.o
                0x0000000008001fbc                _fini
 .fini          0x0000000008001fc0        0x8 C:/ST/STM32CubeIDE_1.14.0/STM32CubeIDE/plugins/com.st.stm32cube.ide.mcu.externaltools.gnu-tools-for-stm32.11.3.rel1.win32_1.1.100.202309141235/tools/bin/../lib/gcc/arm-none-eabi/11.3.1/thumb/v7e-m/nofp/crtn.o
                0x0000000008001fc8                . = ALIGN (0x4)
                0x0000000008001fc8                _etext = .

.vfp11_veneer   0x0000000008001fc8        0x0
 .vfp11_veneer  0x0000000008001fc8        0x0 linker stubs

.v4_bx          0x0000000008001fc8        0x0
 .v4_bx         0x0000000008001fc8        0x0 linker stubs

.iplt           0x0000000008001fc8        0x0
 .iplt          0x0000000008001fc8        0x0 C:/ST/STM32CubeIDE_1.14.0/STM32CubeIDE/plugins/com.st.stm32cube.ide.mcu.externaltools.gnu-tools-for-stm32.11.3.rel1.win32_1.1.100.202309141235/tools/bin/../lib/gcc/arm-none-eabi/11.3.1/thumb/v7e-m/nofp/crtbegin.o

.rodata         0x0000000008001fc8        0xc
                0x0000000008001fc8                . = ALIGN (0x4)
 *(.rodata)
 .rodata        0x0000000008001fc8        0xc ./Src/BootLoader/BootLoader.o
 *(.rodata*)
                0x0000000008001fd4                . = ALIGN (0x4)

.rel.dyn        0x0000000008001fd4        0x0
 .rel.iplt      0x0000000008001fd4        0x0 C:/ST/STM32CubeIDE_1.14.0/STM32CubeIDE/plugins/com.st.stm32cube.ide.mcu.externaltools.gnu-tools-for-stm32.11.3.rel1.win32_1.1.100.202309141235/tools/bin/../lib/gcc/arm-none-eabi/11.3.1/thumb/v7e-m/nofp/crtbegin.o

.ARM.extab      0x0000000008001fd4        0x0
                0x0000000008001fd4                . = ALIGN (0x4)
 *(.ARM.extab* .gnu.linkonce.armextab.*)
                0x0000000008001fd4                . = ALIGN (0x4)

.ARM            0x0000000008001fd4        0x0
                0x0000000008001fd4                . = ALIGN (0x4)
                0x0000000008001fd4                __exidx_start = .
 *(.ARM.exidx*)
                0x0000000008001fd4                __exidx_end = .
                0x0000000008001fd4                . = ALIGN (0x4)

.preinit_array  0x0000000008001fd4        0x0
                0x0000000008001fd4                . = ALIGN (0x4)
                0x0000000008001fd4                PROVIDE (__preinit_array_start = .)
 *(.preinit_array*)
                0x0000000008001fd4                PROVIDE (__preinit_array_end = .)
                0x0000000008001fd4                . = ALIGN (0x4)

.init_array     0x0000000008001fd4        0x4
                0x0000000008001fd4                . = ALIGN (0x4)
                0x0000000008001fd4                PROVIDE (__init_array_start = .)
 *(SORT_BY_NAME(.init_array.*))
 *(.init_array*)
 .init_array    0x0000000008001fd4        0x4 C:/ST/STM32CubeIDE_1.14.0/STM32CubeIDE/plugins/com.st.stm32cube.ide.mcu.externaltools.gnu-tools-for-stm32.11.3.rel1.win32_1.1.100.202309141235/tools/bin/../lib/gcc/arm-none-eabi/11.3.1/thumb/v7e-m/nofp/crtbegin.o
                0x0000000008001fd8                PROVIDE (__init_array_end = .)
                0x0000000008001fd8                . = ALIGN (0x4)

.fini_array     0x0000000008001fd8        0x4
                0x0000000008001fd8                . = ALIGN (0x4)
                [!provide]                        PROVIDE (__fini_array_start = .)
 *(SORT_BY_NAME(.fini_array.*))
 *(.fini_array*)
 .fini_array    0x0000000008001fd8        0x4 C:/ST/STM32CubeIDE_1.14.0/STM32CubeIDE/plugins/com.st.stm32cube.ide.mcu.externaltools.gnu-tools-for-stm32.11.3.rel1.win32_1.1.100.202309141235/tools/bin/../lib/gcc/arm-none-eabi/11.3.1/thumb/v7e-m/nofp/crtbegin.o
                [!provide]                        PROVIDE (__fini_array_end = .)
                0x0000000008001fdc                . = ALIGN (0x4)
                0x0000000008001fdc                _sidata = LOADADDR (.data)

.data           0x0000000020000000       0x58 load address 0x0000000008001fdc
                0x0000000020000000                . = ALIGN (0x4)
                0x0000000020000000                _sdata = .
 *(.data)
 *(.data*)
 .data.GPIO_PORT
                0x0000000020000000       0x18 ./Src/MCAL/GPIO/GPIO.o
 .data.USART_Array
                0x0000000020000018        0xc ./Src/MCAL/USART/USART.o
 .data.tx_ready
                0x0000000020000024        0x1 ./Src/MCAL/USART/USART.o
                0x0000000020000024                tx_ready
 *fill*         0x0000000020000025        0x3 
 .data.PC13     0x0000000020000028        0x7 ./Src/main.o
                0x0000000020000028                PC13
 *fill*         0x000000002000002f        0x1 
 .data.LoadButton
                0x0000000020000030        0x7 ./Src/main.o
                0x0000000020000030                LoadButton
 *fill*         0x0000000020000037        0x1 
 .data.UART2RX  0x0000000020000038        0x7 ./Src/main.o
                0x0000000020000038                UART2RX
 *fill*         0x000000002000003f        0x1 
 .data.UART2TX  0x0000000020000040        0x7 ./Src/main.o
                0x0000000020000040                UART2TX
 *fill*         0x0000000020000047        0x1 
 .data.uart2    0x0000000020000048       0x10 ./Src/main.o
                0x0000000020000048                uart2
 *(.RamFunc)
 *(.RamFunc*)
                0x0000000020000058                . = ALIGN (0x4)
                0x0000000020000058                _edata = .

.igot.plt       0x0000000020000058        0x0 load address 0x0000000008002034
 .igot.plt      0x0000000020000058        0x0 C:/ST/STM32CubeIDE_1.14.0/STM32CubeIDE/plugins/com.st.stm32cube.ide.mcu.externaltools.gnu-tools-for-stm32.11.3.rel1.win32_1.1.100.202309141235/tools/bin/../lib/gcc/arm-none-eabi/11.3.1/thumb/v7e-m/nofp/crtbegin.o
                0x0000000020000058                . = ALIGN (0x4)

.bss            0x0000000020000058       0x80 load address 0x0000000008002034
                0x0000000020000058                _sbss = .
                0x0000000020000058                __bss_start__ = _sbss
 *(.bss)
 .bss           0x0000000020000058       0x1c C:/ST/STM32CubeIDE_1.14.0/STM32CubeIDE/plugins/com.st.stm32cube.ide.mcu.externaltools.gnu-tools-for-stm32.11.3.rel1.win32_1.1.100.202309141235/tools/bin/../lib/gcc/arm-none-eabi/11.3.1/thumb/v7e-m/nofp/crtbegin.o
 *(.bss*)
 .bss.EXTI_Handler
                0x0000000020000074       0x5c ./Src/MCAL/EXTI/EXTI.o
 .bss.EXTI_source
                0x00000000200000d0        0x1 ./Src/MCAL/EXTI/EXTI.o
 .bss.USART_source
                0x00000000200000d1        0x1 ./Src/MCAL/USART/USART.o
 .bss.tx_buffer
                0x00000000200000d2        0x1 ./Src/MCAL/USART/USART.o
                0x00000000200000d2                tx_buffer
 .bss.rx_buffer
                0x00000000200000d3        0x1 ./Src/MCAL/USART/USART.o
                0x00000000200000d3                rx_buffer
 .bss.rx_ready  0x00000000200000d4        0x1 ./Src/MCAL/USART/USART.o
                0x00000000200000d4                rx_ready
 *(COMMON)
                0x00000000200000d8                . = ALIGN (0x4)
 *fill*         0x00000000200000d5        0x3 
                0x00000000200000d8                _ebss = .
                0x00000000200000d8                __bss_end__ = _ebss

._user_heap_stack
                0x00000000200000d8      0x600 load address 0x0000000008002034
                0x00000000200000d8                . = ALIGN (0x8)
                [!provide]                        PROVIDE (end = .)
                0x00000000200000d8                PROVIDE (_end = .)
                0x00000000200002d8                . = (. + _Min_Heap_Size)
 *fill*         0x00000000200000d8      0x200 
                0x00000000200006d8                . = (. + _Min_Stack_Size)
 *fill*         0x00000000200002d8      0x400 
                0x00000000200006d8                . = ALIGN (0x8)

/DISCARD/
 libc.a(*)
 libm.a(*)
 libgcc.a(*)

.ARM.attributes
                0x0000000000000000       0x2a
 *(.ARM.attributes)
 .ARM.attributes
                0x0000000000000000       0x1e C:/ST/STM32CubeIDE_1.14.0/STM32CubeIDE/plugins/com.st.stm32cube.ide.mcu.externaltools.gnu-tools-for-stm32.11.3.rel1.win32_1.1.100.202309141235/tools/bin/../lib/gcc/arm-none-eabi/11.3.1/thumb/v7e-m/nofp/crti.o
 .ARM.attributes
                0x000000000000001e       0x2e C:/ST/STM32CubeIDE_1.14.0/STM32CubeIDE/plugins/com.st.stm32cube.ide.mcu.externaltools.gnu-tools-for-stm32.11.3.rel1.win32_1.1.100.202309141235/tools/bin/../lib/gcc/arm-none-eabi/11.3.1/thumb/v7e-m/nofp/crtbegin.o
 .ARM.attributes
                0x000000000000004c       0x2e ./Src/BootLoader/BootLoader.o
 .ARM.attributes
                0x000000000000007a       0x2e ./Src/Core_Peripheral/NVIC/NVIC.o
 .ARM.attributes
                0x00000000000000a8       0x2e ./Src/Core_Peripheral/SystTick/SystTick.o
 .ARM.attributes
                0x00000000000000d6       0x2e ./Src/MCAL/CRC/CRC.o
 .ARM.attributes
                0x0000000000000104       0x2e ./Src/MCAL/EXTI/EXTI.o
 .ARM.attributes
                0x0000000000000132       0x2e ./Src/MCAL/FLASH/Flash.o
 .ARM.attributes
                0x0000000000000160       0x2e ./Src/MCAL/GPIO/GPIO.o
 .ARM.attributes
                0x000000000000018e       0x2e ./Src/MCAL/RCC/RCC.o
 .ARM.attributes
                0x00000000000001bc       0x2e ./Src/MCAL/USART/USART.o
 .ARM.attributes
                0x00000000000001ea       0x2e ./Src/main.o
 .ARM.attributes
                0x0000000000000218       0x21 ./Startup/startup_stm32f401rctx.o
 .ARM.attributes
                0x0000000000000239       0x2e C:/ST/STM32CubeIDE_1.14.0/STM32CubeIDE/plugins/com.st.stm32cube.ide.mcu.externaltools.gnu-tools-for-stm32.11.3.rel1.win32_1.1.100.202309141235/tools/bin/../lib/gcc/arm-none-eabi/11.3.1/../../../../arm-none-eabi/lib/thumb/v7e-m/nofp\libc_nano.a(libc_a-memset.o)
 .ARM.attributes
                0x0000000000000267       0x2e C:/ST/STM32CubeIDE_1.14.0/STM32CubeIDE/plugins/com.st.stm32cube.ide.mcu.externaltools.gnu-tools-for-stm32.11.3.rel1.win32_1.1.100.202309141235/tools/bin/../lib/gcc/arm-none-eabi/11.3.1/../../../../arm-none-eabi/lib/thumb/v7e-m/nofp\libc_nano.a(libc_a-init.o)
 .ARM.attributes
                0x0000000000000295       0x1e C:/ST/STM32CubeIDE_1.14.0/STM32CubeIDE/plugins/com.st.stm32cube.ide.mcu.externaltools.gnu-tools-for-stm32.11.3.rel1.win32_1.1.100.202309141235/tools/bin/../lib/gcc/arm-none-eabi/11.3.1/thumb/v7e-m/nofp/crtn.o
OUTPUT(STM32F401_My_BootLoader.elf elf32-littlearm)
LOAD linker stubs
LOAD C:/ST/STM32CubeIDE_1.14.0/STM32CubeIDE/plugins/com.st.stm32cube.ide.mcu.externaltools.gnu-tools-for-stm32.11.3.rel1.win32_1.1.100.202309141235/tools/bin/../lib/gcc/arm-none-eabi/11.3.1/../../../../arm-none-eabi/lib/thumb/v7e-m/nofp\libc.a
LOAD C:/ST/STM32CubeIDE_1.14.0/STM32CubeIDE/plugins/com.st.stm32cube.ide.mcu.externaltools.gnu-tools-for-stm32.11.3.rel1.win32_1.1.100.202309141235/tools/bin/../lib/gcc/arm-none-eabi/11.3.1/../../../../arm-none-eabi/lib/thumb/v7e-m/nofp\libm.a
LOAD C:/ST/STM32CubeIDE_1.14.0/STM32CubeIDE/plugins/com.st.stm32cube.ide.mcu.externaltools.gnu-tools-for-stm32.11.3.rel1.win32_1.1.100.202309141235/tools/bin/../lib/gcc/arm-none-eabi/11.3.1/thumb/v7e-m/nofp\libgcc.a

.comment        0x0000000000000000       0x43
 .comment       0x0000000000000000       0x43 C:/ST/STM32CubeIDE_1.14.0/STM32CubeIDE/plugins/com.st.stm32cube.ide.mcu.externaltools.gnu-tools-for-stm32.11.3.rel1.win32_1.1.100.202309141235/tools/bin/../lib/gcc/arm-none-eabi/11.3.1/thumb/v7e-m/nofp/crtbegin.o
                                         0x44 (size before relaxing)
 .comment       0x0000000000000043       0x44 ./Src/BootLoader/BootLoader.o
 .comment       0x0000000000000043       0x44 ./Src/Core_Peripheral/NVIC/NVIC.o
 .comment       0x0000000000000043       0x44 ./Src/Core_Peripheral/SystTick/SystTick.o
 .comment       0x0000000000000043       0x44 ./Src/MCAL/CRC/CRC.o
 .comment       0x0000000000000043       0x44 ./Src/MCAL/EXTI/EXTI.o
 .comment       0x0000000000000043       0x44 ./Src/MCAL/FLASH/Flash.o
 .comment       0x0000000000000043       0x44 ./Src/MCAL/GPIO/GPIO.o
 .comment       0x0000000000000043       0x44 ./Src/MCAL/RCC/RCC.o
 .comment       0x0000000000000043       0x44 ./Src/MCAL/USART/USART.o
 .comment       0x0000000000000043       0x44 ./Src/main.o

.debug_info     0x0000000000000000     0x3b63
 .debug_info    0x0000000000000000      0xcda ./Src/BootLoader/BootLoader.o
 .debug_info    0x0000000000000cda      0x536 ./Src/Core_Peripheral/NVIC/NVIC.o
 .debug_info    0x0000000000001210      0x1d4 ./Src/Core_Peripheral/SystTick/SystTick.o
 .debug_info    0x00000000000013e4      0x2e1 ./Src/MCAL/CRC/CRC.o
 .debug_info    0x00000000000016c5      0x467 ./Src/MCAL/EXTI/EXTI.o
 .debug_info    0x0000000000001b2c      0x30a ./Src/MCAL/FLASH/Flash.o
 .debug_info    0x0000000000001e36      0x58a ./Src/MCAL/GPIO/GPIO.o
 .debug_info    0x00000000000023c0      0x354 ./Src/MCAL/RCC/RCC.o
 .debug_info    0x0000000000002714      0x8e4 ./Src/MCAL/USART/USART.o
 .debug_info    0x0000000000002ff8      0xb48 ./Src/main.o
 .debug_info    0x0000000000003b40       0x23 ./Startup/startup_stm32f401rctx.o

.debug_abbrev   0x0000000000000000      0xfd9
 .debug_abbrev  0x0000000000000000      0x262 ./Src/BootLoader/BootLoader.o
 .debug_abbrev  0x0000000000000262      0x13c ./Src/Core_Peripheral/NVIC/NVIC.o
 .debug_abbrev  0x000000000000039e      0x138 ./Src/Core_Peripheral/SystTick/SystTick.o
 .debug_abbrev  0x00000000000004d6      0x149 ./Src/MCAL/CRC/CRC.o
 .debug_abbrev  0x000000000000061f      0x1de ./Src/MCAL/EXTI/EXTI.o
 .debug_abbrev  0x00000000000007fd      0x14c ./Src/MCAL/FLASH/Flash.o
 .debug_abbrev  0x0000000000000949      0x11e ./Src/MCAL/GPIO/GPIO.o
 .debug_abbrev  0x0000000000000a67      0x124 ./Src/MCAL/RCC/RCC.o
 .debug_abbrev  0x0000000000000b8b      0x23a ./Src/MCAL/USART/USART.o
 .debug_abbrev  0x0000000000000dc5      0x202 ./Src/main.o
 .debug_abbrev  0x0000000000000fc7       0x12 ./Startup/startup_stm32f401rctx.o

.debug_aranges  0x0000000000000000      0x3b8
 .debug_aranges
                0x0000000000000000       0xb0 ./Src/BootLoader/BootLoader.o
 .debug_aranges
                0x00000000000000b0       0x48 ./Src/Core_Peripheral/NVIC/NVIC.o
 .debug_aranges
                0x00000000000000f8       0x38 ./Src/Core_Peripheral/SystTick/SystTick.o
 .debug_aranges
                0x0000000000000130       0x30 ./Src/MCAL/CRC/CRC.o
 .debug_aranges
                0x0000000000000160       0xa0 ./Src/MCAL/EXTI/EXTI.o
 .debug_aranges
                0x0000000000000200       0x70 ./Src/MCAL/FLASH/Flash.o
 .debug_aranges
                0x0000000000000270       0x40 ./Src/MCAL/GPIO/GPIO.o
 .debug_aranges
                0x00000000000002b0       0x28 ./Src/MCAL/RCC/RCC.o
 .debug_aranges
                0x00000000000002d8       0x80 ./Src/MCAL/USART/USART.o
 .debug_aranges
                0x0000000000000358       0x38 ./Src/main.o
 .debug_aranges
                0x0000000000000390       0x28 ./Startup/startup_stm32f401rctx.o

.debug_rnglists
                0x0000000000000000      0x2aa
 .debug_rnglists
                0x0000000000000000       0x84 ./Src/BootLoader/BootLoader.o
 .debug_rnglists
                0x0000000000000084       0x31 ./Src/Core_Peripheral/NVIC/NVIC.o
 .debug_rnglists
                0x00000000000000b5       0x25 ./Src/Core_Peripheral/SystTick/SystTick.o
 .debug_rnglists
                0x00000000000000da       0x1f ./Src/MCAL/CRC/CRC.o
 .debug_rnglists
                0x00000000000000f9       0x76 ./Src/MCAL/EXTI/EXTI.o
 .debug_rnglists
                0x000000000000016f       0x51 ./Src/MCAL/FLASH/Flash.o
 .debug_rnglists
                0x00000000000001c0       0x2e ./Src/MCAL/GPIO/GPIO.o
 .debug_rnglists
                0x00000000000001ee       0x1a ./Src/MCAL/RCC/RCC.o
 .debug_rnglists
                0x0000000000000208       0x62 ./Src/MCAL/USART/USART.o
 .debug_rnglists
                0x000000000000026a       0x27 ./Src/main.o
 .debug_rnglists
                0x0000000000000291       0x19 ./Startup/startup_stm32f401rctx.o

.debug_macro    0x0000000000000000     0x26fb
 .debug_macro   0x0000000000000000      0x122 ./Src/BootLoader/BootLoader.o
 .debug_macro   0x0000000000000122      0xaa2 ./Src/BootLoader/BootLoader.o
 .debug_macro   0x0000000000000bc4       0x22 ./Src/BootLoader/BootLoader.o
 .debug_macro   0x0000000000000be6       0x8e ./Src/BootLoader/BootLoader.o
 .debug_macro   0x0000000000000c74       0x51 ./Src/BootLoader/BootLoader.o
 .debug_macro   0x0000000000000cc5      0x103 ./Src/BootLoader/BootLoader.o
 .debug_macro   0x0000000000000dc8       0x6a ./Src/BootLoader/BootLoader.o
 .debug_macro   0x0000000000000e32      0x1df ./Src/BootLoader/BootLoader.o
 .debug_macro   0x0000000000001011       0x34 ./Src/BootLoader/BootLoader.o
 .debug_macro   0x0000000000001045       0x22 ./Src/BootLoader/BootLoader.o
 .debug_macro   0x0000000000001067      0x2f5 ./Src/BootLoader/BootLoader.o
 .debug_macro   0x000000000000135c       0x16 ./Src/BootLoader/BootLoader.o
 .debug_macro   0x0000000000001372      0x14e ./Src/BootLoader/BootLoader.o
 .debug_macro   0x00000000000014c0       0x16 ./Src/BootLoader/BootLoader.o
 .debug_macro   0x00000000000014d6       0x52 ./Src/BootLoader/BootLoader.o
 .debug_macro   0x0000000000001528       0x94 ./Src/BootLoader/BootLoader.o
 .debug_macro   0x00000000000015bc       0x58 ./Src/BootLoader/BootLoader.o
 .debug_macro   0x0000000000001614       0x8e ./Src/Core_Peripheral/NVIC/NVIC.o
 .debug_macro   0x00000000000016a2       0x8e ./Src/Core_Peripheral/SystTick/SystTick.o
 .debug_macro   0x0000000000001730       0x4c ./Src/Core_Peripheral/SystTick/SystTick.o
 .debug_macro   0x000000000000177c       0xa5 ./Src/MCAL/CRC/CRC.o
 .debug_macro   0x0000000000001821       0x8e ./Src/MCAL/EXTI/EXTI.o
 .debug_macro   0x00000000000018af       0x1c ./Src/MCAL/EXTI/EXTI.o
 .debug_macro   0x00000000000018cb       0x8e ./Src/MCAL/FLASH/Flash.o
 .debug_macro   0x0000000000001959       0x94 ./Src/MCAL/GPIO/GPIO.o
 .debug_macro   0x00000000000019ed       0x8a ./Src/MCAL/RCC/RCC.o
 .debug_macro   0x0000000000001a77       0xaf ./Src/MCAL/USART/USART.o
 .debug_macro   0x0000000000001b26      0x281 ./Src/main.o
 .debug_macro   0x0000000000001da7       0x61 ./Src/main.o
 .debug_macro   0x0000000000001e08       0x24 ./Src/main.o
 .debug_macro   0x0000000000001e2c       0x43 ./Src/main.o
 .debug_macro   0x0000000000001e6f       0x34 ./Src/main.o
 .debug_macro   0x0000000000001ea3      0x174 ./Src/main.o
 .debug_macro   0x0000000000002017       0x16 ./Src/main.o
 .debug_macro   0x000000000000202d       0x43 ./Src/main.o
 .debug_macro   0x0000000000002070       0x34 ./Src/main.o
 .debug_macro   0x00000000000020a4       0x10 ./Src/main.o
 .debug_macro   0x00000000000020b4       0x58 ./Src/main.o
 .debug_macro   0x000000000000210c       0x8e ./Src/main.o
 .debug_macro   0x000000000000219a       0x1c ./Src/main.o
 .debug_macro   0x00000000000021b6      0x177 ./Src/main.o
 .debug_macro   0x000000000000232d      0x369 ./Src/main.o
 .debug_macro   0x0000000000002696       0x10 ./Src/main.o
 .debug_macro   0x00000000000026a6       0x35 ./Src/main.o
 .debug_macro   0x00000000000026db       0x20 ./Src/main.o

.debug_line     0x0000000000000000     0x5453
 .debug_line    0x0000000000000000      0xda2 ./Src/BootLoader/BootLoader.o
 .debug_line    0x0000000000000da2      0x602 ./Src/Core_Peripheral/NVIC/NVIC.o
 .debug_line    0x00000000000013a4      0x5c4 ./Src/Core_Peripheral/SystTick/SystTick.o
 .debug_line    0x0000000000001968      0x5b5 ./Src/MCAL/CRC/CRC.o
 .debug_line    0x0000000000001f1d      0x889 ./Src/MCAL/EXTI/EXTI.o
 .debug_line    0x00000000000027a6      0x766 ./Src/MCAL/FLASH/Flash.o
 .debug_line    0x0000000000002f0c      0x6ef ./Src/MCAL/GPIO/GPIO.o
 .debug_line    0x00000000000035fb      0x4fe ./Src/MCAL/RCC/RCC.o
 .debug_line    0x0000000000003af9      0xb0b ./Src/MCAL/USART/USART.o
 .debug_line    0x0000000000004604      0xdd4 ./Src/main.o
 .debug_line    0x00000000000053d8       0x7b ./Startup/startup_stm32f401rctx.o

.debug_str      0x0000000000000000     0xb399
 .debug_str     0x0000000000000000     0x6a5d ./Src/BootLoader/BootLoader.o
                                       0x6c57 (size before relaxing)
 .debug_str     0x0000000000006a5d      0x4d5 ./Src/Core_Peripheral/NVIC/NVIC.o
                                       0x54a5 (size before relaxing)
 .debug_str     0x0000000000006f32      0x241 ./Src/Core_Peripheral/SystTick/SystTick.o
                                       0x5187 (size before relaxing)
 .debug_str     0x0000000000007173      0x120 ./Src/MCAL/CRC/CRC.o
                                       0x5e21 (size before relaxing)
 .debug_str     0x0000000000007293      0x345 ./Src/MCAL/EXTI/EXTI.o
                                       0x52b1 (size before relaxing)
 .debug_str     0x00000000000075d8       0xc1 ./Src/MCAL/FLASH/Flash.o
                                       0x531c (size before relaxing)
 .debug_str     0x0000000000007699      0x387 ./Src/MCAL/GPIO/GPIO.o
                                       0x52ee (size before relaxing)
 .debug_str     0x0000000000007a20       0xed ./Src/MCAL/RCC/RCC.o
                                       0x5e4f (size before relaxing)
 .debug_str     0x0000000000007b0d      0x1d4 ./Src/MCAL/USART/USART.o
                                       0x5a75 (size before relaxing)
 .debug_str     0x0000000000007ce1     0x3689 ./Src/main.o
                                       0xa490 (size before relaxing)
 .debug_str     0x000000000000b36a       0x2f ./Startup/startup_stm32f401rctx.o
                                         0x79 (size before relaxing)

.debug_frame    0x0000000000000000      0xcd8
 .debug_frame   0x0000000000000000      0x2c0 ./Src/BootLoader/BootLoader.o
 .debug_frame   0x00000000000002c0      0x100 ./Src/Core_Peripheral/NVIC/NVIC.o
 .debug_frame   0x00000000000003c0       0xa8 ./Src/Core_Peripheral/SystTick/SystTick.o
 .debug_frame   0x0000000000000468       0x74 ./Src/MCAL/CRC/CRC.o
 .debug_frame   0x00000000000004dc      0x244 ./Src/MCAL/EXTI/EXTI.o
 .debug_frame   0x0000000000000720      0x1b0 ./Src/MCAL/FLASH/Flash.o
 .debug_frame   0x00000000000008d0       0xd8 ./Src/MCAL/GPIO/GPIO.o
 .debug_frame   0x00000000000009a8       0x60 ./Src/MCAL/RCC/RCC.o
 .debug_frame   0x0000000000000a08      0x1ec ./Src/MCAL/USART/USART.o
 .debug_frame   0x0000000000000bf4       0x98 ./Src/main.o
 .debug_frame   0x0000000000000c8c       0x20 C:/ST/STM32CubeIDE_1.14.0/STM32CubeIDE/plugins/com.st.stm32cube.ide.mcu.externaltools.gnu-tools-for-stm32.11.3.rel1.win32_1.1.100.202309141235/tools/bin/../lib/gcc/arm-none-eabi/11.3.1/../../../../arm-none-eabi/lib/thumb/v7e-m/nofp\libc_nano.a(libc_a-memset.o)
 .debug_frame   0x0000000000000cac       0x2c C:/ST/STM32CubeIDE_1.14.0/STM32CubeIDE/plugins/com.st.stm32cube.ide.mcu.externaltools.gnu-tools-for-stm32.11.3.rel1.win32_1.1.100.202309141235/tools/bin/../lib/gcc/arm-none-eabi/11.3.1/../../../../arm-none-eabi/lib/thumb/v7e-m/nofp\libc_nano.a(libc_a-init.o)

.debug_line_str
                0x0000000000000000       0x6d
 .debug_line_str
                0x0000000000000000       0x6d ./Startup/startup_stm32f401rctx.o
                                         0x85 (size before relaxing)
